2026-09-01T19:35:04+00:00 DONE mtp spec-al-math500
report: /results/reports/mtp/spec-al-math500.md
| 8 | MTP | 0 | 100 | 116.98 | 867.86 | 54.24 | 638.35 | 8.58 | 15660.57 | 71.94 | 1773.85 | `mtp/spec-al-math500/c8/` |
| 16 | MTP | 0 | 128 | 100.83 | 1430.14 | 89.38 | 654.44 | 9.95 | 18417.83 | 71.57 | 1800.49 | `mtp/spec-al-math500/c16/` |
| 32 | MTP | 0 | 256 | 97.78 | 2637.31 | 164.83 | 851.95 | 10.28 | 19730.07 | 79.22 | 1859.49 | `mtp/spec-al-math500/c32/` |
| 64 | MTP | 0 | 512 | 88.27 | 4739.23 | 296.20 | 623.65 | 11.39 | 22353.09 | 80.90 | 1929.88 | `mtp/spec-al-math500/c64/` |
| 128 | MTP | 0 | 1024 | 75.16 | 8183.38 | 511.46 | 765.95 | 13.37 | 26158.11 | 80.43 | 1920.05 | `mtp/spec-al-math500/c128/` |
| 256 | MTP | 0 | 2048 | 56.63 | 12649.66 | 790.60 | 842.56 | 17.84 | 34688.92 | 80.35 | 1921.97 | `mtp/spec-al-math500/c256/` |
| 512 | MTP | 0 | 4096 | 59.93 | 14390.04 | 899.38 | 29009.52 | 17.36 | 61800.96 | 80.53 | 1919.48 | `mtp/spec-al-math500/c512/` |

## Acceptance mal / rate / per_pos (REPORT-TEMPLATES §3, k=5)

| c | draft_steps | accept_tok | draft_tok | mean_accept_len | draft_accept_rate | p0 | p1 | p2 | p3 | p4 | sum(per_pos) | mal−1 |
| ---: | ---: | ---: | ---: | ---: | ---: | ---: | ---: | ---: | ---: | ---: | ---: | ---: |
| 4 | 43388 | 159594 | 216925 | 4.678 | 0.7357 | 0.936 | 0.836 | 0.732 | 0.632 | 0.543 | 3.679 | 3.678 |
| 8 | 43483 | 159835 | 217410 | 4.676 | 0.7352 | 0.935 | 0.836 | 0.731 | 0.631 | 0.543 | 3.676 | 3.676 |
| 16 | 55476 | 202563 | 277350 | 4.651 | 0.7304 | 0.932 | 0.833 | 0.726 | 0.626 | 0.536 | 3.652 | 3.651 |
| 32 | 107534 | 394430 | 537715 | 4.668 | 0.7335 | 0.932 | 0.834 | 0.730 | 0.630 | 0.542 | 3.668 | 3.668 |
| 64 | 217515 | 790016 | 1087430 | 4.632 | 0.7265 | 0.931 | 0.829 | 0.722 | 0.620 | 0.530 | 3.632 | 3.632 |
| 128 | 428788 | 1565183 | 2144055 | 4.650 | 0.7300 | 0.932 | 0.832 | 0.725 | 0.625 | 0.536 | 3.650 | 3.650 |
| 256 | 852531 | 3112447 | 4262590 | 4.651 | 0.7302 | 0.931 | 0.831 | 0.726 | 0.626 | 0.537 | 3.651 | 3.651 |
| 512 | 1695050 | 6180516 | 8475035 | 4.646 | 0.7293 | 0.931 | 0.831 | 0.724 | 0.625 | 0.535 | 3.646 | 3.646 |
2026-09-01T20:37:53+00:00 DONE dspark spec-al-math500
report: /results/reports/dspark/spec-al-math500.md
| 8 | DSpark fair | 0 | 100 | 157.58 | 1122.23 | 70.14 | 519.57 | 6.39 | 11786.93 | 71.94 | 1757.04 | `dspark/spec-al-math500/c8/` |
| 16 | DSpark fair | 0 | 128 | 140.33 | 1955.18 | 122.20 | 515.50 | 7.18 | 13320.66 | 71.57 | 1773.20 | `dspark/spec-al-math500/c16/` |
| 32 | DSpark fair | 0 | 256 | 128.90 | 3289.74 | 205.61 | 545.66 | 7.83 | 15439.53 | 79.22 | 1883.95 | `dspark/spec-al-math500/c32/` |
| 64 | DSpark fair | 0 | 512 | 117.29 | 6025.21 | 376.58 | 844.84 | 8.60 | 18041.57 | 80.90 | 1981.53 | `dspark/spec-al-math500/c64/` |
| 128 | DSpark fair | 0 | 1024 | 90.76 | 9250.51 | 578.16 | 1270.71 | 11.36 | 23351.75 | 80.43 | 1926.53 | `dspark/spec-al-math500/c128/` |
| 256 | DSpark fair | 0 | 2048 | 76.24 | 9699.94 | 606.25 | 17727.72 | 14.86 | 45730.22 | 80.35 | 1913.39 | `dspark/spec-al-math500/c256/` |
| 512 | DSpark fair | 0 | 4096 | 66.92 | 8967.22 | 560.45 | 57291.79 | 23.54 | 99384.78 | 80.53 | 1920.75 | `dspark/spec-al-math500/c512/` |

## Acceptance mal / rate / per_pos (REPORT-TEMPLATES §3, k=7)

| c | draft_steps | accept_tok | draft_tok | mean_accept_len | draft_accept_rate | p0 | p1 | p2 | p3 | p4 | p5 | p6 | sum(per_pos) | mal−1 |
| ---: | ---: | ---: | ---: | ---: | ---: | ---: | ---: | ---: | ---: | ---: | ---: | ---: | ---: | ---: |
| 4 | 35231 | 168408 | 246603 | 5.780 | 0.6829 | 0.929 | 0.840 | 0.756 | 0.674 | 0.598 | 0.526 | 0.457 | 4.780 | 4.780 |
| 8 | 34490 | 165459 | 241458 | 5.797 | 0.6852 | 0.930 | 0.842 | 0.757 | 0.676 | 0.600 | 0.528 | 0.463 | 4.797 | 4.797 |
| 16 | 44202 | 208958 | 309407 | 5.727 | 0.6753 | 0.923 | 0.832 | 0.746 | 0.666 | 0.591 | 0.518 | 0.451 | 4.727 | 4.727 |
| 32 | 90049 | 420133 | 630273 | 5.666 | 0.6666 | 0.921 | 0.829 | 0.740 | 0.655 | 0.578 | 0.506 | 0.438 | 4.666 | 4.666 |
| 64 | 182665 | 857011 | 1278725 | 5.692 | 0.6702 | 0.922 | 0.830 | 0.742 | 0.659 | 0.583 | 0.511 | 0.445 | 4.692 | 4.692 |
| 128 | 348420 | 1639244 | 2438863 | 5.705 | 0.6721 | 0.922 | 0.832 | 0.744 | 0.661 | 0.584 | 0.514 | 0.448 | 4.705 | 4.705 |
| 256 | 689606 | 3241151 | 4827102 | 5.700 | 0.6714 | 0.922 | 0.831 | 0.743 | 0.660 | 0.584 | 0.512 | 0.447 | 4.700 | 4.700 |
| 512 | 1384515 | 6495956 | 9691479 | 5.692 | 0.6703 | 0.922 | 0.831 | 0.743 | 0.659 | 0.582 | 0.510 | 0.444 | 4.692 | 4.692 |
2026-09-01T21:32:32+00:00 DONE dspark spec-al-humaneval
report: /results/reports/dspark/spec-al-humaneval.md
| 8 | DSpark fair | 0 | 100 | 128.81 | 861.52 | 53.84 | 524.83 | 7.85 | 12910.71 | 138.36 | 1506.50 | `dspark/spec-al-humaneval/c8/` |
| 16 | DSpark fair | 0 | 128 | 114.82 | 1455.09 | 90.94 | 493.15 | 8.82 | 16628.20 | 146.27 | 1740.96 | `dspark/spec-al-humaneval/c16/` |
| 32 | DSpark fair | 0 | 256 | 105.58 | 2603.39 | 162.71 | 531.26 | 9.57 | 15981.69 | 139.77 | 1548.59 | `dspark/spec-al-humaneval/c32/` |
| 64 | DSpark fair | 0 | 512 | 95.69 | 4660.67 | 291.29 | 555.67 | 10.56 | 18181.98 | 142.14 | 1608.30 | `dspark/spec-al-humaneval/c64/` |
| 128 | DSpark fair | 0 | 1024 | 73.97 | 7217.09 | 451.07 | 782.72 | 14.07 | 24642.49 | 142.19 | 1612.78 | `dspark/spec-al-humaneval/c128/` |
| 256 | DSpark fair | 0 | 2048 | 59.27 | 7154.97 | 447.19 | 18779.17 | 19.61 | 50160.36 | 142.94 | 1597.16 | `dspark/spec-al-humaneval/c256/` |
| 512 | DSpark fair | 0 | 4096 | 53.84 | 6475.78 | 404.74 | 67065.43 | 32.06 | 115327.20 | 143.48 | 1637.08 | `dspark/spec-al-humaneval/c512/` |

## Acceptance mal / rate / per_pos (REPORT-TEMPLATES §3, k=7)

| c | draft_steps | accept_tok | draft_tok | mean_accept_len | draft_accept_rate | p0 | p1 | p2 | p3 | p4 | p5 | p6 | sum(per_pos) | mal−1 |
| ---: | ---: | ---: | ---: | ---: | ---: | ---: | ---: | ---: | ---: | ---: | ---: | ---: | ---: | ---: |
| 4 | 37319 | 129085 | 261212 | 4.459 | 0.4942 | 0.865 | 0.705 | 0.567 | 0.449 | 0.357 | 0.286 | 0.230 | 3.459 | 3.459 |
| 8 | 37314 | 128665 | 261212 | 4.448 | 0.4926 | 0.865 | 0.706 | 0.565 | 0.448 | 0.355 | 0.283 | 0.225 | 3.448 | 3.448 |
| 16 | 53941 | 182406 | 377566 | 4.382 | 0.4831 | 0.859 | 0.696 | 0.555 | 0.437 | 0.346 | 0.273 | 0.216 | 3.382 | 3.382 |
| 32 | 92117 | 318256 | 644840 | 4.455 | 0.4935 | 0.862 | 0.705 | 0.566 | 0.448 | 0.359 | 0.286 | 0.228 | 3.455 | 3.455 |
| 64 | 188127 | 652125 | 1316854 | 4.466 | 0.4952 | 0.863 | 0.707 | 0.567 | 0.452 | 0.361 | 0.288 | 0.230 | 3.466 | 3.466 |
| 128 | 374709 | 1290565 | 2622690 | 4.444 | 0.4921 | 0.862 | 0.705 | 0.564 | 0.447 | 0.357 | 0.283 | 0.226 | 3.445 | 3.444 |
| 256 | 736365 | 2540957 | 5154604 | 4.451 | 0.4929 | 0.862 | 0.705 | 0.565 | 0.449 | 0.358 | 0.284 | 0.228 | 3.451 | 3.451 |
| 512 | 1510235 | 5202332 | 10571897 | 4.445 | 0.4921 | 0.862 | 0.705 | 0.565 | 0.448 | 0.357 | 0.283 | 0.226 | 3.445 | 3.445 |
2026-09-01T22:27:10+00:00 DONE mtp spec-al-humaneval
report: /results/reports/mtp/spec-al-humaneval.md
| 8 | MTP | 0 | 100 | 112.59 | 751.25 | 46.95 | 641.11 | 8.95 | 14079.70 | 138.36 | 1447.11 | `mtp/spec-al-humaneval/c8/` |
| 16 | MTP | 0 | 128 | 96.16 | 1243.44 | 77.72 | 646.53 | 10.47 | 18497.64 | 146.27 | 1651.98 | `mtp/spec-al-humaneval/c16/` |
| 32 | MTP | 0 | 256 | 91.55 | 2315.28 | 144.71 | 1018.94 | 11.11 | 18004.30 | 139.77 | 1513.80 | `mtp/spec-al-humaneval/c32/` |
| 64 | MTP | 0 | 512 | 84.98 | 4188.09 | 261.76 | 1138.46 | 11.85 | 20903.41 | 142.14 | 1609.89 | `mtp/spec-al-humaneval/c64/` |
| 128 | MTP | 0 | 1024 | 71.38 | 7246.12 | 452.88 | 857.13 | 14.11 | 23614.92 | 142.19 | 1568.80 | `mtp/spec-al-humaneval/c128/` |
| 256 | MTP | 0 | 2048 | 52.16 | 10762.88 | 672.68 | 1113.87 | 19.59 | 33458.39 | 142.94 | 1607.01 | `mtp/spec-al-humaneval/c256/` |
| 512 | MTP | 0 | 4096 | 55.15 | 12369.66 | 773.10 | 27182.20 | 19.76 | 59301.55 | 143.48 | 1609.57 | `mtp/spec-al-humaneval/c512/` |

## Acceptance mal / rate / per_pos (REPORT-TEMPLATES §3, k=5)

| c | draft_steps | accept_tok | draft_tok | mean_accept_len | draft_accept_rate | p0 | p1 | p2 | p3 | p4 | sum(per_pos) | mal−1 |
| ---: | ---: | ---: | ---: | ---: | ---: | ---: | ---: | ---: | ---: | ---: | ---: | ---: |
| 4 | 37606 | 122065 | 188020 | 4.246 | 0.6492 | 0.906 | 0.762 | 0.630 | 0.519 | 0.428 | 3.246 | 3.246 |
| 8 | 36903 | 120034 | 184510 | 4.253 | 0.6506 | 0.908 | 0.765 | 0.631 | 0.520 | 0.429 | 3.253 | 3.253 |
| 16 | 52978 | 169740 | 264910 | 4.204 | 0.6407 | 0.902 | 0.756 | 0.621 | 0.508 | 0.417 | 3.204 | 3.204 |
| 32 | 92957 | 301783 | 464770 | 4.246 | 0.6493 | 0.904 | 0.765 | 0.633 | 0.518 | 0.426 | 3.247 | 3.246 |
| 64 | 199065 | 642486 | 995365 | 4.228 | 0.6455 | 0.901 | 0.760 | 0.627 | 0.515 | 0.425 | 3.227 | 3.228 |
| 128 | 382333 | 1236244 | 1911740 | 4.233 | 0.6467 | 0.902 | 0.761 | 0.628 | 0.516 | 0.427 | 3.233 | 3.233 |
| 256 | 780697 | 2510574 | 3903295 | 4.216 | 0.6432 | 0.901 | 0.758 | 0.624 | 0.511 | 0.422 | 3.216 | 3.216 |
| 512 | 1554906 | 5022182 | 7774455 | 4.230 | 0.6460 | 0.902 | 0.761 | 0.628 | 0.515 | 0.425 | 3.230 | 3.230 |
2026-09-01T22:49:31+00:00 DONE mtp spec-al-gsm8k
report: /results/reports/mtp/spec-al-gsm8k.md
| 8 | MTP | 0 | 100 | 115.40 | 694.52 | 43.41 | 662.16 | 8.71 | 6418.88 | 69.71 | 659.32 | `mtp/spec-al-gsm8k/c8/` |
| 16 | MTP | 0 | 128 | 95.38 | 1080.77 | 67.55 | 693.27 | 10.57 | 7840.16 | 68.71 | 676.97 | `mtp/spec-al-gsm8k/c16/` |
| 32 | MTP | 0 | 256 | 98.60 | 2001.17 | 125.07 | 603.35 | 10.22 | 7910.35 | 69.96 | 713.54 | `mtp/spec-al-gsm8k/c32/` |
| 64 | MTP | 0 | 512 | 82.80 | 3591.11 | 224.44 | 667.03 | 12.15 | 9220.83 | 70.12 | 697.80 | `mtp/spec-al-gsm8k/c64/` |
| 128 | MTP | 0 | 1024 | 62.77 | 5475.62 | 342.23 | 762.15 | 16.10 | 12050.66 | 70.81 | 699.85 | `mtp/spec-al-gsm8k/c128/` |
| 256 | MTP | 0 | 2048 | 46.20 | 8554.86 | 534.68 | 929.34 | 22.10 | 16524.53 | 70.59 | 704.06 | `mtp/spec-al-gsm8k/c256/` |
| 512 | MTP | 0 | 4096 | 65.69 | 13450.48 | 840.65 | 10433.09 | 15.29 | 21289.37 | 70.97 | 701.91 | `mtp/spec-al-gsm8k/c512/` |

## Acceptance mal / rate / per_pos (REPORT-TEMPLATES §3, k=5)

| c | draft_steps | accept_tok | draft_tok | mean_accept_len | draft_accept_rate | p0 | p1 | p2 | p3 | p4 | sum(per_pos) | mal−1 |
| ---: | ---: | ---: | ---: | ---: | ---: | ---: | ---: | ---: | ---: | ---: | ---: | ---: |
| 4 | 17090 | 60179 | 85450 | 4.521 | 0.7043 | 0.927 | 0.819 | 0.701 | 0.587 | 0.486 | 3.521 | 3.521 |
| 8 | 16960 | 59731 | 84810 | 4.522 | 0.7043 | 0.927 | 0.819 | 0.701 | 0.588 | 0.486 | 3.521 | 3.522 |
| 16 | 22560 | 78419 | 112800 | 4.476 | 0.6952 | 0.920 | 0.807 | 0.690 | 0.578 | 0.482 | 3.476 | 3.476 |
| 32 | 43592 | 152721 | 217970 | 4.503 | 0.7007 | 0.920 | 0.808 | 0.698 | 0.586 | 0.491 | 3.503 | 3.503 |
| 64 | 82810 | 288985 | 414035 | 4.490 | 0.6980 | 0.919 | 0.807 | 0.694 | 0.582 | 0.488 | 3.490 | 3.490 |
| 128 | 161578 | 567904 | 807945 | 4.515 | 0.7029 | 0.921 | 0.812 | 0.700 | 0.588 | 0.493 | 3.514 | 3.515 |
| 256 | 323839 | 1134376 | 1619395 | 4.503 | 0.7005 | 0.920 | 0.809 | 0.697 | 0.586 | 0.491 | 3.502 | 3.503 |
| 512 | 641899 | 2248223 | 3209365 | 4.502 | 0.7005 | 0.919 | 0.809 | 0.697 | 0.586 | 0.492 | 3.503 | 3.502 |
2026-09-01T23:16:59+00:00 DONE dspark spec-al-gsm8k
report: /results/reports/dspark/spec-al-gsm8k.md
| 8 | DSpark fair | 0 | 100 | 168.17 | 991.82 | 61.99 | 531.13 | 6.00 | 4509.88 | 69.71 | 651.83 | `dspark/spec-al-gsm8k/c8/` |
| 16 | DSpark fair | 0 | 128 | 150.62 | 1467.28 | 91.70 | 656.30 | 6.71 | 5516.39 | 68.71 | 695.91 | `dspark/spec-al-gsm8k/c16/` |
| 32 | DSpark fair | 0 | 256 | 138.10 | 2644.28 | 165.27 | 718.34 | 7.32 | 5970.81 | 69.96 | 692.85 | `dspark/spec-al-gsm8k/c32/` |
| 64 | DSpark fair | 0 | 512 | 124.89 | 4574.20 | 285.89 | 790.94 | 8.09 | 6665.44 | 70.12 | 702.86 | `dspark/spec-al-gsm8k/c64/` |
| 128 | DSpark fair | 0 | 1024 | 107.38 | 7780.28 | 486.27 | 1167.08 | 9.41 | 8038.68 | 70.81 | 706.47 | `dspark/spec-al-gsm8k/c128/` |
| 256 | DSpark fair | 0 | 2048 | 98.39 | 10933.89 | 683.37 | 5710.13 | 10.27 | 13169.88 | 70.59 | 702.76 | `dspark/spec-al-gsm8k/c256/` |
| 512 | DSpark fair | 0 | 4096 | 97.84 | 11637.99 | 727.37 | 18586.63 | 10.33 | 26188.50 | 70.97 | 708.46 | `dspark/spec-al-gsm8k/c512/` |

## Acceptance mal / rate / per_pos (REPORT-TEMPLATES §3, k=7)

| c | draft_steps | accept_tok | draft_tok | mean_accept_len | draft_accept_rate | p0 | p1 | p2 | p3 | p4 | p5 | p6 | sum(per_pos) | mal−1 |
| ---: | ---: | ---: | ---: | ---: | ---: | ---: | ---: | ---: | ---: | ---: | ---: | ---: | ---: | ---: |
| 4 | 13047 | 62551 | 91322 | 5.794 | 0.6849 | 0.921 | 0.837 | 0.755 | 0.677 | 0.602 | 0.534 | 0.468 | 4.795 | 4.794 |
| 8 | 13268 | 63281 | 92876 | 5.770 | 0.6813 | 0.918 | 0.835 | 0.752 | 0.672 | 0.597 | 0.529 | 0.465 | 4.769 | 4.770 |
| 16 | 17867 | 82950 | 125090 | 5.643 | 0.6631 | 0.911 | 0.817 | 0.733 | 0.651 | 0.577 | 0.509 | 0.444 | 4.642 | 4.643 |
| 32 | 33374 | 155760 | 233597 | 5.667 | 0.6668 | 0.912 | 0.821 | 0.735 | 0.656 | 0.580 | 0.513 | 0.451 | 4.667 | 4.667 |
| 64 | 65706 | 305760 | 459956 | 5.653 | 0.6648 | 0.911 | 0.818 | 0.732 | 0.652 | 0.580 | 0.511 | 0.449 | 4.653 | 4.653 |
| 128 | 130003 | 608513 | 910259 | 5.681 | 0.6685 | 0.912 | 0.820 | 0.737 | 0.657 | 0.584 | 0.516 | 0.454 | 4.679 | 4.681 |
| 256 | 254529 | 1196939 | 1781619 | 5.703 | 0.6718 | 0.912 | 0.823 | 0.740 | 0.660 | 0.588 | 0.521 | 0.459 | 4.703 | 4.703 |
| 512 | 514788 | 2404227 | 3603355 | 5.670 | 0.6672 | 0.910 | 0.819 | 0.735 | 0.655 | 0.583 | 0.516 | 0.454 | 4.671 | 4.670 |
2026-09-02T00:12:36+00:00 DONE dspark spec-al-mbpp
report: /results/reports/dspark/spec-al-mbpp.md
| 8 | DSpark fair | 0 | 100 | 116.18 | 809.08 | 50.57 | 504.64 | 8.70 | 14737.14 | 27.72 | 1617.56 | `dspark/spec-al-mbpp/c8/` |
| 16 | DSpark fair | 0 | 128 | 103.80 | 1432.94 | 89.56 | 490.78 | 9.73 | 17306.64 | 27.71 | 1705.67 | `dspark/spec-al-mbpp/c16/` |
| 32 | DSpark fair | 0 | 256 | 96.10 | 2569.90 | 160.62 | 518.60 | 10.51 | 18519.80 | 27.98 | 1684.89 | `dspark/spec-al-mbpp/c32/` |
| 64 | DSpark fair | 0 | 512 | 87.03 | 4423.88 | 276.49 | 534.58 | 11.60 | 21036.04 | 28.04 | 1727.52 | `dspark/spec-al-mbpp/c64/` |
| 128 | DSpark fair | 0 | 1024 | 68.92 | 6984.51 | 436.53 | 672.88 | 14.89 | 26239.18 | 28.05 | 1671.32 | `dspark/spec-al-mbpp/c128/` |
| 256 | DSpark fair | 0 | 2048 | 58.62 | 7364.43 | 460.28 | 19707.52 | 18.89 | 51949.97 | 28.04 | 1700.64 | `dspark/spec-al-mbpp/c256/` |
| 512 | DSpark fair | 0 | 4096 | 52.44 | 6594.45 | 412.15 | 70185.21 | 27.25 | 114923.89 | 28.04 | 1679.58 | `dspark/spec-al-mbpp/c512/` |

## Acceptance mal / rate / per_pos (REPORT-TEMPLATES §3, k=7)

| c | draft_steps | accept_tok | draft_tok | mean_accept_len | draft_accept_rate | p0 | p1 | p2 | p3 | p4 | p5 | p6 | sum(per_pos) | mal−1 |
| ---: | ---: | ---: | ---: | ---: | ---: | ---: | ---: | ---: | ---: | ---: | ---: | ---: | ---: | ---: |
| 4 | 45015 | 140381 | 315112 | 4.119 | 0.4455 | 0.849 | 0.675 | 0.519 | 0.395 | 0.297 | 0.221 | 0.163 | 3.119 | 3.119 |
| 8 | 45568 | 142667 | 318976 | 4.131 | 0.4473 | 0.849 | 0.677 | 0.521 | 0.397 | 0.300 | 0.222 | 0.165 | 3.131 | 3.131 |
| 16 | 57917 | 182333 | 405419 | 4.148 | 0.4497 | 0.847 | 0.676 | 0.522 | 0.399 | 0.305 | 0.227 | 0.173 | 3.148 | 3.148 |
| 32 | 110023 | 346417 | 769986 | 4.149 | 0.4499 | 0.847 | 0.674 | 0.522 | 0.398 | 0.305 | 0.230 | 0.175 | 3.149 | 3.149 |
| 64 | 221189 | 687612 | 1548428 | 4.109 | 0.4441 | 0.845 | 0.668 | 0.514 | 0.391 | 0.297 | 0.223 | 0.169 | 3.109 | 3.109 |
| 128 | 422709 | 1311903 | 2959068 | 4.104 | 0.4434 | 0.845 | 0.670 | 0.515 | 0.391 | 0.296 | 0.221 | 0.167 | 3.103 | 3.104 |
| 256 | 854029 | 2655594 | 5978063 | 4.109 | 0.4442 | 0.845 | 0.669 | 0.515 | 0.392 | 0.297 | 0.223 | 0.168 | 3.110 | 3.109 |
| 512 | 1684729 | 5220434 | 11792536 | 4.099 | 0.4427 | 0.845 | 0.669 | 0.513 | 0.390 | 0.295 | 0.221 | 0.166 | 3.099 | 3.099 |
2026-09-02T01:08:15+00:00 DONE mtp spec-al-mbpp
report: /results/reports/mtp/spec-al-mbpp.md
| 8 | MTP | 0 | 100 | 104.51 | 730.44 | 45.65 | 672.75 | 9.63 | 16213.36 | 27.72 | 1599.80 | `mtp/spec-al-mbpp/c8/` |
| 16 | MTP | 0 | 128 | 90.72 | 1249.19 | 78.07 | 649.06 | 11.09 | 19396.53 | 27.71 | 1669.92 | `mtp/spec-al-mbpp/c16/` |
| 32 | MTP | 0 | 256 | 87.29 | 2291.10 | 143.19 | 829.82 | 11.58 | 20625.45 | 27.98 | 1706.51 | `mtp/spec-al-mbpp/c32/` |
| 64 | MTP | 0 | 512 | 81.47 | 4154.52 | 259.66 | 801.70 | 12.34 | 21841.07 | 28.04 | 1667.12 | `mtp/spec-al-mbpp/c64/` |
| 128 | MTP | 0 | 1024 | 68.13 | 7075.21 | 442.20 | 880.35 | 14.76 | 26549.75 | 28.05 | 1709.84 | `mtp/spec-al-mbpp/c128/` |
| 256 | MTP | 0 | 2048 | 50.72 | 10743.53 | 671.47 | 1473.23 | 20.00 | 35302.45 | 28.04 | 1677.68 | `mtp/spec-al-mbpp/c256/` |
| 512 | MTP | 0 | 4096 | 56.16 | 12932.94 | 808.31 | 28127.11 | 18.27 | 59249.55 | 28.04 | 1674.90 | `mtp/spec-al-mbpp/c512/` |

## Acceptance mal / rate / per_pos (REPORT-TEMPLATES §3, k=5)

| c | draft_steps | accept_tok | draft_tok | mean_accept_len | draft_accept_rate | p0 | p1 | p2 | p3 | p4 | sum(per_pos) | mal−1 |
| ---: | ---: | ---: | ---: | ---: | ---: | ---: | ---: | ---: | ---: | ---: | ---: | ---: |
| 4 | 47068 | 141463 | 235350 | 4.005 | 0.6011 | 0.889 | 0.727 | 0.577 | 0.452 | 0.360 | 3.005 | 3.005 |
| 8 | 45847 | 138272 | 229245 | 4.016 | 0.6032 | 0.889 | 0.729 | 0.581 | 0.455 | 0.361 | 3.016 | 3.016 |
| 16 | 59099 | 179154 | 295485 | 4.031 | 0.6063 | 0.889 | 0.730 | 0.583 | 0.462 | 0.367 | 3.032 | 3.031 |
| 32 | 113280 | 346357 | 566505 | 4.058 | 0.6114 | 0.890 | 0.734 | 0.589 | 0.469 | 0.374 | 3.057 | 3.058 |
| 64 | 218249 | 655030 | 1091250 | 4.001 | 0.6003 | 0.886 | 0.726 | 0.577 | 0.454 | 0.359 | 3.001 | 3.001 |
| 128 | 442894 | 1335271 | 2214230 | 4.015 | 0.6030 | 0.888 | 0.729 | 0.580 | 0.457 | 0.362 | 3.015 | 3.015 |
| 256 | 858442 | 2605678 | 4292310 | 4.035 | 0.6071 | 0.890 | 0.732 | 0.584 | 0.462 | 0.367 | 3.035 | 3.035 |
| 512 | 1709843 | 5178367 | 8548665 | 4.029 | 0.6058 | 0.890 | 0.731 | 0.583 | 0.460 | 0.365 | 3.029 | 3.029 |
2026-09-02T01:46:44+00:00 DONE mtp spec-al-mtbench
report: /results/reports/mtp/spec-al-mtbench.md
| ---: | --- | ---: | ---: | ---: | ---: | ---: | ---: | ---: | ---: | ---: | ---: | --- |
| 4 | MTP | 0 | 160 | 112.19 | 398.90 | 24.93 | 729.40 | 9.23 | 16158.63 | 867.54 | 1658.60 | `mtp/spec-al-mtbench/c4/` |
| 8 | MTP | 0 | 160 | 99.64 | 684.30 | 42.77 | 747.97 | 10.39 | 18066.72 | 868.59 | 1657.79 | `mtp/spec-al-mtbench/c8/` |
| 16 | MTP | 0 | 160 | 86.48 | 1156.55 | 72.28 | 769.28 | 11.95 | 20827.90 | 889.15 | 1673.31 | `mtp/spec-al-mtbench/c16/` |
| 32 | MTP | 0 | 160 | 83.41 | 1899.24 | 118.70 | 737.15 | 12.46 | 21906.12 | 890.58 | 1689.33 | `mtp/spec-al-mtbench/c32/` |
| 64 | MTP | 0 | 160 | 72.28 | 2598.67 | 162.42 | 821.20 | 14.38 | 24377.23 | 872.41 | 1659.08 | `mtp/spec-al-mtbench/c64/` |
| 128 | MTP | 0 | 160 | 68.95 | 2680.71 | 167.54 | 996.13 | 15.05 | 25687.16 | 871.24 | 1670.62 | `mtp/spec-al-mtbench/c128/` |

## Acceptance mal / rate / per_pos (REPORT-TEMPLATES §3, k=5)

| c | draft_steps | accept_tok | draft_tok | mean_accept_len | draft_accept_rate | p0 | p1 | p2 | p3 | p4 | sum(per_pos) | mal−1 |
| ---: | ---: | ---: | ---: | ---: | ---: | ---: | ---: | ---: | ---: | ---: | ---: | ---: |
| 4 | 79493 | 213037 | 397460 | 3.680 | 0.5360 | 0.840 | 0.650 | 0.496 | 0.386 | 0.308 | 2.680 | 2.680 |
| 8 | 79234 | 211437 | 396190 | 3.669 | 0.5337 | 0.836 | 0.647 | 0.494 | 0.384 | 0.306 | 2.668 | 2.669 |
| 16 | 78196 | 209597 | 391015 | 3.680 | 0.5360 | 0.839 | 0.649 | 0.498 | 0.387 | 0.308 | 2.680 | 2.680 |
| 32 | 79066 | 210027 | 395325 | 3.656 | 0.5313 | 0.835 | 0.642 | 0.492 | 0.384 | 0.303 | 2.656 | 2.656 |
| 64 | 77040 | 207116 | 385190 | 3.688 | 0.5377 | 0.839 | 0.650 | 0.499 | 0.389 | 0.312 | 2.688 | 2.688 |
| 128 | 78859 | 208406 | 394305 | 3.643 | 0.5285 | 0.836 | 0.644 | 0.488 | 0.377 | 0.298 | 2.643 | 2.643 |
| 256 | 78719 | 206424 | 393525 | 3.622 | 0.5246 | 0.834 | 0.639 | 0.485 | 0.373 | 0.293 | 2.623 | 2.622 |
| 512 | 76760 | 203974 | 383800 | 3.657 | 0.5315 | 0.836 | 0.648 | 0.492 | 0.381 | 0.301 | 2.657 | 2.657 |
2026-09-02T02:31:21+00:00 DONE dspark spec-al-mtbench
report: /results/reports/dspark/spec-al-mtbench.md
| ---: | --- | ---: | ---: | ---: | ---: | ---: | ---: | ---: | ---: | ---: | ---: | --- |
| 4 | DSpark fair | 0 | 160 | 125.86 | 419.84 | 26.24 | 826.41 | 8.55 | 15255.43 | 847.62 | 1641.89 | `dspark/spec-al-mtbench/c4/` |
| 8 | DSpark fair | 0 | 160 | 113.34 | 740.67 | 46.29 | 632.51 | 9.51 | 16458.22 | 854.49 | 1616.55 | `dspark/spec-al-mtbench/c8/` |
| 16 | DSpark fair | 0 | 160 | 101.61 | 1260.12 | 78.76 | 643.81 | 10.64 | 18991.88 | 894.02 | 1700.85 | `dspark/spec-al-mtbench/c16/` |
| 32 | DSpark fair | 0 | 160 | 94.34 | 2018.17 | 126.14 | 718.50 | 11.44 | 20160.29 | 859.44 | 1663.90 | `dspark/spec-al-mtbench/c32/` |
| 64 | DSpark fair | 0 | 160 | 86.37 | 2634.93 | 164.68 | 789.41 | 12.52 | 21994.91 | 872.93 | 1661.11 | `dspark/spec-al-mtbench/c64/` |
| 128 | DSpark fair | 0 | 160 | 83.98 | 2726.95 | 170.43 | 747.88 | 12.81 | 22229.26 | 855.42 | 1653.67 | `dspark/spec-al-mtbench/c128/` |

## Acceptance mal / rate / per_pos (REPORT-TEMPLATES §3, k=7)

| c | draft_steps | accept_tok | draft_tok | mean_accept_len | draft_accept_rate | p0 | p1 | p2 | p3 | p4 | p5 | p6 | sum(per_pos) | mal−1 |
| ---: | ---: | ---: | ---: | ---: | ---: | ---: | ---: | ---: | ---: | ---: | ---: | ---: | ---: | ---: |
| 4 | 76045 | 211764 | 532336 | 3.785 | 0.3978 | 0.790 | 0.586 | 0.437 | 0.335 | 0.263 | 0.209 | 0.166 | 2.785 | 2.785 |
| 8 | 74988 | 207808 | 524958 | 3.771 | 0.3959 | 0.788 | 0.583 | 0.437 | 0.332 | 0.261 | 0.206 | 0.164 | 2.771 | 2.771 |
| 16 | 77804 | 214163 | 544607 | 3.753 | 0.3932 | 0.783 | 0.582 | 0.431 | 0.329 | 0.258 | 0.205 | 0.163 | 2.753 | 2.753 |
| 32 | 75938 | 208880 | 531475 | 3.751 | 0.3930 | 0.784 | 0.582 | 0.433 | 0.330 | 0.259 | 0.203 | 0.160 | 2.751 | 2.751 |
| 64 | 76986 | 209285 | 538888 | 3.718 | 0.3884 | 0.780 | 0.578 | 0.426 | 0.325 | 0.253 | 0.199 | 0.158 | 2.719 | 2.718 |
| 128 | 76256 | 206273 | 533750 | 3.705 | 0.3865 | 0.779 | 0.572 | 0.423 | 0.322 | 0.252 | 0.199 | 0.158 | 2.705 | 2.705 |
| 256 | 76716 | 212978 | 536900 | 3.776 | 0.3967 | 0.785 | 0.584 | 0.435 | 0.334 | 0.262 | 0.210 | 0.168 | 2.777 | 2.776 |
| 512 | 75147 | 207891 | 525938 | 3.766 | 0.3953 | 0.786 | 0.581 | 0.432 | 0.332 | 0.261 | 0.207 | 0.167 | 2.767 | 2.766 |
2026-09-02T03:10:53+00:00 DONE dspark spec-bench
report: /results/reports/dspark/spec-bench.md
| 8 | DSpark fair | 0 | 100 | 117.69 | 795.58 | 49.72 | 520.19 | 8.91 | 13696.53 | 69.57 | 1413.00 | `dspark/spec-bench/c8/` |
| 16 | DSpark fair | 0 | 128 | 104.92 | 1315.35 | 82.21 | 514.48 | 9.96 | 14706.70 | 65.61 | 1371.84 | `dspark/spec-bench/c16/` |
| 32 | DSpark fair | 0 | 256 | 92.45 | 2221.43 | 138.84 | 552.34 | 11.14 | 14257.14 | 266.99 | 1221.73 | `dspark/spec-bench/c32/` |
| 64 | DSpark fair | 0 | 512 | 92.74 | 3975.19 | 248.45 | 579.44 | 11.38 | 13440.79 | 262.63 | 1074.88 | `dspark/spec-bench/c64/` |
| 128 | DSpark fair | 0 | 1024 | 79.31 | 6973.05 | 435.82 | 619.88 | 13.32 | 16237.45 | 263.88 | 1116.60 | `dspark/spec-bench/c128/` |
| 256 | DSpark fair | 0 | 2048 | 72.11 | 8268.00 | 516.75 | 12110.22 | 14.68 | 28886.46 | 262.89 | 1089.17 | `dspark/spec-bench/c256/` |
| 512 | DSpark fair | 0 | 4096 | 62.72 | 7936.67 | 496.04 | 38863.40 | 21.68 | 62139.96 | 275.48 | 1077.11 | `dspark/spec-bench/c512/` |

## Acceptance mal / rate / per_pos (REPORT-TEMPLATES §3, k=7)

| c | draft_steps | accept_tok | draft_tok | mean_accept_len | draft_accept_rate | p0 | p1 | p2 | p3 | p4 | p5 | p6 | sum(per_pos) | mal−1 |
| ---: | ---: | ---: | ---: | ---: | ---: | ---: | ---: | ---: | ---: | ---: | ---: | ---: | ---: | ---: |
| 4 | 41940 | 117492 | 293601 | 3.801 | 0.4002 | 0.796 | 0.596 | 0.445 | 0.340 | 0.262 | 0.204 | 0.158 | 2.801 | 2.801 |
| 8 | 42219 | 118651 | 295547 | 3.810 | 0.4015 | 0.795 | 0.597 | 0.447 | 0.341 | 0.263 | 0.206 | 0.160 | 2.810 | 2.810 |
| 16 | 51460 | 144974 | 360241 | 3.817 | 0.4024 | 0.794 | 0.598 | 0.449 | 0.343 | 0.266 | 0.206 | 0.160 | 2.817 | 2.817 |
| 32 | 86721 | 248806 | 607061 | 3.869 | 0.4099 | 0.798 | 0.606 | 0.460 | 0.354 | 0.274 | 0.213 | 0.164 | 2.869 | 2.869 |
| 64 | 142048 | 427978 | 994420 | 4.013 | 0.4304 | 0.808 | 0.624 | 0.483 | 0.377 | 0.299 | 0.236 | 0.185 | 3.013 | 3.013 |
| 128 | 289834 | 873021 | 2028691 | 4.012 | 0.4303 | 0.806 | 0.623 | 0.482 | 0.378 | 0.299 | 0.237 | 0.188 | 3.012 | 3.012 |
| 256 | 562436 | 1691016 | 3936947 | 4.007 | 0.4295 | 0.806 | 0.622 | 0.481 | 0.377 | 0.298 | 0.236 | 0.187 | 3.007 | 3.007 |
| 512 | 1102999 | 3332865 | 7720482 | 4.022 | 0.4317 | 0.808 | 0.625 | 0.484 | 0.379 | 0.300 | 0.238 | 0.188 | 3.022 | 3.022 |
2026-09-02T03:57:32+00:00 DONE mtp spec-bench
report: /results/reports/mtp/spec-bench.md
| 8 | MTP | 0 | 100 | 101.15 | 703.15 | 43.95 | 655.51 | 10.12 | 15666.69 | 69.57 | 1446.49 | `mtp/spec-bench/c8/` |
| 16 | MTP | 0 | 128 | 87.69 | 1144.00 | 71.50 | 623.70 | 11.62 | 16885.96 | 65.61 | 1381.88 | `mtp/spec-bench/c16/` |
| 32 | MTP | 0 | 256 | 81.05 | 2061.83 | 128.86 | 930.98 | 12.51 | 15727.97 | 266.99 | 1169.68 | `mtp/spec-bench/c32/` |
| 64 | MTP | 0 | 512 | 74.95 | 3556.54 | 222.28 | 642.18 | 13.64 | 16094.46 | 262.63 | 1108.71 | `mtp/spec-bench/c64/` |
| 128 | MTP | 0 | 1024 | 62.65 | 6213.62 | 388.35 | 707.90 | 16.29 | 19179.28 | 263.88 | 1121.15 | `mtp/spec-bench/c128/` |
| 256 | MTP | 0 | 2048 | 45.42 | 9298.92 | 581.18 | 955.92 | 22.47 | 25727.18 | 262.89 | 1095.96 | `mtp/spec-bench/c256/` |
| 512 | MTP | 0 | 4096 | 57.22 | 12616.61 | 788.54 | 18632.90 | 17.80 | 38384.79 | 275.48 | 1080.26 | `mtp/spec-bench/c512/` |

## Acceptance mal / rate / per_pos (REPORT-TEMPLATES §3, k=5)

| c | draft_steps | accept_tok | draft_tok | mean_accept_len | draft_accept_rate | p0 | p1 | p2 | p3 | p4 | sum(per_pos) | mal−1 |
| ---: | ---: | ---: | ---: | ---: | ---: | ---: | ---: | ---: | ---: | ---: | ---: | ---: |
| 4 | 43636 | 117935 | 218190 | 3.703 | 0.5405 | 0.847 | 0.658 | 0.502 | 0.388 | 0.306 | 2.703 | 2.703 |
| 8 | 44322 | 119573 | 221590 | 3.698 | 0.5396 | 0.847 | 0.657 | 0.501 | 0.387 | 0.305 | 2.698 | 2.698 |
| 16 | 52020 | 143448 | 260095 | 3.758 | 0.5515 | 0.852 | 0.667 | 0.515 | 0.403 | 0.320 | 2.758 | 2.758 |
| 32 | 85662 | 233041 | 428265 | 3.720 | 0.5442 | 0.847 | 0.664 | 0.509 | 0.394 | 0.307 | 2.721 | 2.720 |
| 64 | 152064 | 434760 | 760195 | 3.859 | 0.5719 | 0.859 | 0.687 | 0.541 | 0.429 | 0.344 | 2.860 | 2.859 |
| 128 | 305090 | 863429 | 1525615 | 3.830 | 0.5660 | 0.856 | 0.680 | 0.534 | 0.422 | 0.338 | 2.830 | 2.830 |
| 256 | 588445 | 1675501 | 2942140 | 3.847 | 0.5695 | 0.856 | 0.684 | 0.539 | 0.427 | 0.341 | 2.847 | 2.847 |
| 512 | 1159782 | 3289466 | 5798615 | 3.836 | 0.5673 | 0.856 | 0.682 | 0.536 | 0.424 | 0.338 | 2.836 | 2.836 |
2026-09-02T04:28:00+00:00 DONE mtp synthetic-chat
report: /results/reports/mtp/synthetic-chat.md
| 8 | MTP | 0 | 100 | 99.16 | 696.82 | 43.55 | 816.37 | 10.27 | 10684.61 | 1036.00 | 969.57 | `mtp/synthetic-chat/c8/` |
| 16 | MTP | 0 | 128 | 81.64 | 1163.96 | 72.75 | 834.60 | 12.48 | 12540.73 | 1036.00 | 951.27 | `mtp/synthetic-chat/c16/` |
| 32 | MTP | 0 | 256 | 80.24 | 2259.46 | 141.22 | 816.96 | 12.66 | 13184.89 | 1036.00 | 983.68 | `mtp/synthetic-chat/c32/` |
| 64 | MTP | 0 | 512 | 69.59 | 3902.64 | 243.91 | 948.48 | 14.64 | 15201.46 | 1036.00 | 981.66 | `mtp/synthetic-chat/c64/` |
| 128 | MTP | 0 | 1024 | 54.36 | 6143.87 | 383.99 | 1174.17 | 18.76 | 19450.64 | 1036.00 | 982.27 | `mtp/synthetic-chat/c128/` |
| 256 | MTP | 0 | 2048 | 40.08 | 9114.14 | 569.63 | 1580.56 | 25.55 | 26280.55 | 1036.00 | 975.96 | `mtp/synthetic-chat/c256/` |
| 512 | MTP | 0 | 4096 | 37.93 | 8923.19 | 557.70 | 23968.24 | 29.84 | 52750.19 | 1036.00 | 979.47 | `mtp/synthetic-chat/c512/` |

## Acceptance mal / rate / per_pos (REPORT-TEMPLATES §3, k=5)

| c | draft_steps | accept_tok | draft_tok | mean_accept_len | draft_accept_rate | p0 | p1 | p2 | p3 | p4 | sum(per_pos) | mal−1 |
| ---: | ---: | ---: | ---: | ---: | ---: | ---: | ---: | ---: | ---: | ---: | ---: | ---: |
| 4 | 28877 | 78420 | 144385 | 3.716 | 0.5431 | 0.852 | 0.664 | 0.507 | 0.389 | 0.303 | 2.716 | 2.716 |
| 8 | 29687 | 79140 | 148445 | 3.666 | 0.5331 | 0.849 | 0.653 | 0.494 | 0.378 | 0.292 | 2.666 | 2.666 |
| 16 | 36465 | 97004 | 182330 | 3.660 | 0.5320 | 0.844 | 0.652 | 0.497 | 0.378 | 0.290 | 2.660 | 2.660 |
| 32 | 70448 | 188793 | 352250 | 3.680 | 0.5360 | 0.846 | 0.656 | 0.499 | 0.381 | 0.298 | 2.680 | 2.680 |
| 64 | 139828 | 381793 | 699215 | 3.730 | 0.5460 | 0.852 | 0.663 | 0.512 | 0.394 | 0.309 | 2.730 | 2.730 |
| 128 | 268528 | 732522 | 1342495 | 3.728 | 0.5456 | 0.850 | 0.666 | 0.513 | 0.393 | 0.306 | 2.728 | 2.728 |
| 256 | 545903 | 1476945 | 2729870 | 3.706 | 0.5410 | 0.847 | 0.660 | 0.507 | 0.388 | 0.303 | 2.705 | 2.706 |
| 512 | 1087376 | 2942116 | 5436910 | 3.706 | 0.5411 | 0.848 | 0.660 | 0.507 | 0.388 | 0.302 | 2.706 | 2.706 |
2026-09-02T05:14:41+00:00 DONE dspark synthetic-chat
report: /results/reports/dspark/synthetic-chat.md
| 8 | DSpark fair | 0 | 100 | 104.69 | 742.72 | 46.42 | 720.32 | 9.76 | 10179.22 | 1036.00 | 978.17 | `dspark/synthetic-chat/c8/` |
| 16 | DSpark fair | 0 | 128 | 92.30 | 1262.42 | 78.90 | 914.56 | 11.06 | 11644.11 | 1036.00 | 979.91 | `dspark/synthetic-chat/c16/` |
| 32 | DSpark fair | 0 | 256 | 85.33 | 2367.32 | 147.96 | 804.77 | 12.02 | 12710.87 | 1036.00 | 997.59 | `dspark/synthetic-chat/c32/` |
| 64 | DSpark fair | 0 | 512 | 75.32 | 4142.69 | 258.92 | 939.23 | 13.67 | 14163.37 | 1036.00 | 980.04 | `dspark/synthetic-chat/c64/` |
| 128 | DSpark fair | 0 | 1024 | 61.61 | 6748.13 | 421.76 | 1163.47 | 16.73 | 17238.62 | 1036.00 | 973.00 | `dspark/synthetic-chat/c128/` |
| 256 | DSpark fair | 0 | 2048 | 41.62 | 5399.86 | 337.49 | 17483.95 | 27.19 | 43678.73 | 1036.00 | 975.56 | `dspark/synthetic-chat/c256/` |
| 512 | DSpark fair | 0 | 4096 | 42.75 | 5586.24 | 349.14 | 58048.00 | 26.53 | 83481.93 | 1036.00 | 976.97 | `dspark/synthetic-chat/c512/` |

## Acceptance mal / rate / per_pos (REPORT-TEMPLATES §3, k=7)

| c | draft_steps | accept_tok | draft_tok | mean_accept_len | draft_accept_rate | p0 | p1 | p2 | p3 | p4 | p5 | p6 | sum(per_pos) | mal−1 |
| ---: | ---: | ---: | ---: | ---: | ---: | ---: | ---: | ---: | ---: | ---: | ---: | ---: | ---: | ---: |
| 4 | 30412 | 78737 | 212891 | 3.589 | 0.3698 | 0.783 | 0.576 | 0.426 | 0.313 | 0.227 | 0.158 | 0.106 | 2.589 | 2.589 |
| 8 | 29833 | 76289 | 208880 | 3.557 | 0.3652 | 0.783 | 0.573 | 0.414 | 0.304 | 0.218 | 0.156 | 0.108 | 2.557 | 2.557 |
| 16 | 38797 | 101420 | 271579 | 3.614 | 0.3734 | 0.785 | 0.581 | 0.430 | 0.314 | 0.229 | 0.162 | 0.112 | 2.614 | 2.614 |
| 32 | 72585 | 195426 | 508046 | 3.692 | 0.3847 | 0.791 | 0.593 | 0.445 | 0.331 | 0.242 | 0.173 | 0.119 | 2.693 | 2.692 |
| 64 | 137314 | 373330 | 961254 | 3.719 | 0.3884 | 0.792 | 0.596 | 0.448 | 0.336 | 0.247 | 0.177 | 0.123 | 2.719 | 2.719 |
| 128 | 274957 | 739747 | 1925028 | 3.690 | 0.3843 | 0.792 | 0.592 | 0.443 | 0.329 | 0.241 | 0.172 | 0.119 | 2.690 | 2.690 |
| 256 | 543479 | 1461134 | 3804073 | 3.688 | 0.3841 | 0.794 | 0.594 | 0.443 | 0.329 | 0.240 | 0.171 | 0.118 | 2.689 | 2.688 |
| 512 | 1083831 | 2939151 | 7586236 | 3.712 | 0.3874 | 0.793 | 0.596 | 0.447 | 0.333 | 0.245 | 0.175 | 0.121 | 2.712 | 2.712 |
2026-09-02T08:06:23+00:00 DONE dspark synthetic-reasoning
report: /results/reports/dspark/synthetic-reasoning.md
| 8 | DSpark fair | 0 | 100 | 110.44 | 852.61 | 53.29 | 687.63 | 9.58 | 29437.95 | 1036.00 | 3367.70 | `dspark/synthetic-reasoning/c8/` |
| 16 | DSpark fair | 0 | 128 | 100.50 | 1445.70 | 90.36 | 729.52 | 10.44 | 32240.13 | 1036.01 | 3328.79 | `dspark/synthetic-reasoning/c16/` |
| 32 | DSpark fair | 0 | 256 | 93.69 | 2823.28 | 176.46 | 820.67 | 11.37 | 34601.28 | 1036.00 | 3406.44 | `dspark/synthetic-reasoning/c32/` |
| 64 | DSpark fair | 0 | 512 | 64.35 | 3825.62 | 239.10 | 1137.71 | 16.74 | 48838.16 | 1036.00 | 3209.12 | `dspark/synthetic-reasoning/c64/` |
| 128 | DSpark fair | 0 | 1024 | 32.22 | 3121.09 | 195.07 | 17671.48 | 40.79 | 122688.35 | 1036.00 | 3364.41 | `dspark/synthetic-reasoning/c128/` |
| 256 | DSpark fair | 0 | 2048 | 27.68 | 3094.95 | 193.43 | 127174.84 | 51.36 | 247945.02 | 1036.00 | 3289.29 | `dspark/synthetic-reasoning/c256/` |
| 512 | DSpark fair | 0 | 4096 | 28.04 | 3181.25 | 198.83 | 369337.01 | 50.68 | 490199.22 | 1036.00 | 3313.49 | `dspark/synthetic-reasoning/c512/` |

## Acceptance mal / rate / per_pos (REPORT-TEMPLATES §3, k=7)

| c | draft_steps | accept_tok | draft_tok | mean_accept_len | draft_accept_rate | p0 | p1 | p2 | p3 | p4 | p5 | p6 | sum(per_pos) | mal−1 |
| ---: | ---: | ---: | ---: | ---: | ---: | ---: | ---: | ---: | ---: | ---: | ---: | ---: | ---: | ---: |
| 4 | 83745 | 299437 | 586215 | 4.576 | 0.5108 | 0.860 | 0.701 | 0.566 | 0.462 | 0.388 | 0.326 | 0.273 | 3.576 | 3.576 |
| 8 | 84727 | 271702 | 593089 | 4.207 | 0.4581 | 0.837 | 0.660 | 0.512 | 0.403 | 0.324 | 0.261 | 0.209 | 3.207 | 3.207 |
| 16 | 104584 | 338524 | 732081 | 4.237 | 0.4624 | 0.841 | 0.667 | 0.517 | 0.408 | 0.328 | 0.265 | 0.210 | 3.237 | 3.237 |
| 32 | 195880 | 686500 | 1371139 | 4.505 | 0.5007 | 0.857 | 0.695 | 0.555 | 0.451 | 0.375 | 0.314 | 0.258 | 3.505 | 3.505 |
| 64 | 381960 | 1293703 | 2673909 | 4.387 | 0.4838 | 0.849 | 0.681 | 0.538 | 0.433 | 0.355 | 0.292 | 0.238 | 3.387 | 3.387 |
| 128 | 773862 | 2717373 | 5417356 | 4.511 | 0.5016 | 0.860 | 0.698 | 0.557 | 0.451 | 0.374 | 0.312 | 0.259 | 3.511 | 3.511 |
| 256 | 1515501 | 5235628 | 10608451 | 4.455 | 0.4935 | 0.854 | 0.689 | 0.548 | 0.442 | 0.366 | 0.304 | 0.251 | 3.455 | 3.455 |
| 512 | 3036255 | 10539882 | 21254128 | 4.471 | 0.4959 | 0.856 | 0.693 | 0.551 | 0.445 | 0.368 | 0.306 | 0.252 | 3.471 | 3.471 |
2026-09-02T10:15:41+00:00 DONE mtp synthetic-reasoning
report: /results/reports/mtp/synthetic-reasoning.md
| 8 | MTP | 0 | 100 | 110.64 | 878.19 | 54.89 | 840.88 | 9.33 | 32426.12 | 1036.01 | 3745.79 | `mtp/synthetic-reasoning/c8/` |
| 16 | MTP | 0 | 128 | 93.15 | 1364.40 | 85.28 | 980.54 | 11.06 | 33749.47 | 1036.00 | 3278.18 | `mtp/synthetic-reasoning/c16/` |
| 32 | MTP | 0 | 256 | 85.88 | 2438.99 | 152.44 | 876.05 | 12.02 | 35157.18 | 1036.00 | 3189.42 | `mtp/synthetic-reasoning/c32/` |
| 64 | MTP | 0 | 512 | 76.12 | 4531.61 | 283.23 | 928.43 | 13.58 | 41930.16 | 1036.00 | 3360.15 | `mtp/synthetic-reasoning/c64/` |
| 128 | MTP | 0 | 1024 | 54.60 | 6581.81 | 411.36 | 1547.65 | 19.43 | 58622.23 | 1036.00 | 3294.53 | `mtp/synthetic-reasoning/c128/` |
| 256 | MTP | 0 | 2048 | 27.50 | 5308.98 | 331.81 | 28045.68 | 47.93 | 147960.43 | 1036.00 | 3317.81 | `mtp/synthetic-reasoning/c256/` |
| 512 | MTP | 0 | 4096 | 26.97 | 5270.32 | 329.39 | 164142.04 | 50.96 | 291444.94 | 1036.00 | 3312.75 | `mtp/synthetic-reasoning/c512/` |

## Acceptance mal / rate / per_pos (REPORT-TEMPLATES §3, k=5)

| c | draft_steps | accept_tok | draft_tok | mean_accept_len | draft_accept_rate | p0 | p1 | p2 | p3 | p4 | sum(per_pos) | mal−1 |
| ---: | ---: | ---: | ---: | ---: | ---: | ---: | ---: | ---: | ---: | ---: | ---: | ---: |
| 4 | 85690 | 289541 | 428480 | 4.379 | 0.6757 | 0.897 | 0.767 | 0.655 | 0.565 | 0.495 | 3.379 | 3.379 |
| 8 | 88190 | 309119 | 440945 | 4.505 | 0.7010 | 0.911 | 0.791 | 0.683 | 0.595 | 0.524 | 3.505 | 3.505 |
| 16 | 103597 | 346749 | 517965 | 4.347 | 0.6694 | 0.899 | 0.767 | 0.651 | 0.554 | 0.477 | 3.347 | 3.347 |
| 32 | 196535 | 662163 | 982670 | 4.369 | 0.6738 | 0.898 | 0.768 | 0.655 | 0.561 | 0.486 | 3.369 | 3.369 |
| 64 | 400735 | 1352301 | 2003680 | 4.375 | 0.6749 | 0.899 | 0.770 | 0.656 | 0.562 | 0.489 | 3.375 | 3.375 |
| 128 | 769308 | 2634513 | 3846770 | 4.425 | 0.6849 | 0.903 | 0.779 | 0.667 | 0.575 | 0.500 | 3.424 | 3.425 |
| 256 | 1549865 | 5277530 | 7749015 | 4.405 | 0.6811 | 0.902 | 0.776 | 0.663 | 0.570 | 0.495 | 3.405 | 3.405 |
| 512 | 3087623 | 10493682 | 15438305 | 4.399 | 0.6797 | 0.902 | 0.775 | 0.662 | 0.568 | 0.492 | 3.399 | 3.399 |
2026-09-02T11:18:22+00:00 DONE mtp synthetic-summarization
report: /results/reports/mtp/synthetic-summarization.md
| 8 | MTP | 0 | 100 | 97.60 | 602.40 | 37.65 | 2416.14 | 10.35 | 12552.38 | 8204.01 | 980.88 | `mtp/synthetic-summarization/c8/` |
| 16 | MTP | 0 | 128 | 79.00 | 981.06 | 61.32 | 2606.50 | 12.82 | 14324.33 | 8204.02 | 925.98 | `mtp/synthetic-summarization/c16/` |
| 32 | MTP | 0 | 256 | 72.71 | 1772.00 | 110.75 | 2913.06 | 13.92 | 15730.35 | 8204.02 | 928.73 | `mtp/synthetic-summarization/c32/` |
| 64 | MTP | 0 | 512 | 53.24 | 2533.91 | 158.37 | 4778.42 | 19.16 | 22454.25 | 8204.01 | 930.90 | `mtp/synthetic-summarization/c64/` |
| 128 | MTP | 0 | 1024 | 51.44 | 2645.79 | 165.36 | 24544.47 | 19.73 | 42891.98 | 8204.01 | 935.62 | `mtp/synthetic-summarization/c128/` |
| 256 | MTP | 0 | 2048 | 51.20 | 2696.62 | 168.54 | 66125.57 | 19.80 | 84836.81 | 8204.01 | 949.57 | `mtp/synthetic-summarization/c256/` |
| 512 | MTP | 0 | 4096 | 50.53 | 2697.97 | 168.62 | 148653.74 | 20.05 | 167366.48 | 8204.01 | 938.85 | `mtp/synthetic-summarization/c512/` |

## Acceptance mal / rate / per_pos (REPORT-TEMPLATES §3, k=5)

| c | draft_steps | accept_tok | draft_tok | mean_accept_len | draft_accept_rate | p0 | p1 | p2 | p3 | p4 | sum(per_pos) | mal−1 |
| ---: | ---: | ---: | ---: | ---: | ---: | ---: | ---: | ---: | ---: | ---: | ---: | ---: |
| 4 | 29414 | 76170 | 147090 | 3.590 | 0.5178 | 0.838 | 0.637 | 0.479 | 0.359 | 0.276 | 2.589 | 2.590 |
| 8 | 31390 | 81575 | 156960 | 3.599 | 0.5197 | 0.837 | 0.635 | 0.477 | 0.365 | 0.285 | 2.599 | 2.599 |
| 16 | 37397 | 96345 | 186985 | 3.576 | 0.5153 | 0.834 | 0.633 | 0.473 | 0.357 | 0.280 | 2.576 | 2.576 |
| 32 | 70508 | 180677 | 352595 | 3.562 | 0.5124 | 0.834 | 0.632 | 0.470 | 0.353 | 0.273 | 2.562 | 2.562 |
| 64 | 137695 | 353880 | 688475 | 3.570 | 0.5140 | 0.835 | 0.632 | 0.473 | 0.355 | 0.275 | 2.570 | 2.570 |
| 128 | 272287 | 702865 | 1361520 | 3.581 | 0.5162 | 0.837 | 0.635 | 0.475 | 0.357 | 0.276 | 2.581 | 2.581 |
| 256 | 548072 | 1412917 | 2740320 | 3.578 | 0.5156 | 0.836 | 0.634 | 0.475 | 0.357 | 0.275 | 2.578 | 2.578 |
| 512 | 1083407 | 2782365 | 5416900 | 3.568 | 0.5136 | 0.835 | 0.632 | 0.472 | 0.355 | 0.274 | 2.568 | 2.568 |
2026-09-02T14:20:08+00:00 DONE dspark synthetic-summarization
report: /results/reports/dspark/synthetic-summarization.md
| 8 | DSpark fair | 0 | 100 | 97.18 | 603.49 | 37.72 | 2242.48 | 10.51 | 12054.53 | 8204.01 | 940.24 | `dspark/synthetic-summarization/c8/` |
| 16 | DSpark fair | 0 | 128 | 87.37 | 1052.92 | 65.81 | 2677.97 | 11.62 | 13563.66 | 8204.01 | 942.92 | `dspark/synthetic-summarization/c16/` |
| 32 | DSpark fair | 0 | 256 | 41.01 | 905.01 | 56.56 | 6175.47 | 28.12 | 32444.20 | 8204.02 | 956.16 | `dspark/synthetic-summarization/c32/` |
| 64 | DSpark fair | 0 | 512 | 31.25 | 782.13 | 48.88 | 40443.73 | 35.13 | 72715.24 | 8204.01 | 939.95 | `dspark/synthetic-summarization/c64/` |
| 128 | DSpark fair | 0 | 1024 | 31.24 | 791.98 | 49.50 | 109646.41 | 35.25 | 141663.59 | 8204.00 | 932.72 | `dspark/synthetic-summarization/c128/` |
| 256 | DSpark fair | 0 | 2048 | 30.73 | 786.45 | 49.15 | 255327.27 | 35.82 | 288271.10 | 8204.01 | 944.27 | `dspark/synthetic-summarization/c256/` |
| 512 | DSpark fair | 0 | 4096 | 31.01 | 797.13 | 49.82 | 535204.45 | 35.66 | 567840.90 | 8204.00 | 944.47 | `dspark/synthetic-summarization/c512/` |

## Acceptance mal / rate / per_pos (REPORT-TEMPLATES §3, k=7)

| c | draft_steps | accept_tok | draft_tok | mean_accept_len | draft_accept_rate | p0 | p1 | p2 | p3 | p4 | p5 | p6 | sum(per_pos) | mal−1 |
| ---: | ---: | ---: | ---: | ---: | ---: | ---: | ---: | ---: | ---: | ---: | ---: | ---: | ---: | ---: |
| 4 | 30629 | 74309 | 214410 | 3.426 | 0.3466 | 0.769 | 0.542 | 0.379 | 0.273 | 0.202 | 0.151 | 0.111 | 2.426 | 2.426 |
| 8 | 31691 | 75646 | 221809 | 3.387 | 0.3410 | 0.762 | 0.532 | 0.373 | 0.267 | 0.197 | 0.148 | 0.109 | 2.387 | 2.387 |
| 16 | 38359 | 93090 | 268513 | 3.427 | 0.3467 | 0.767 | 0.539 | 0.377 | 0.273 | 0.204 | 0.153 | 0.114 | 2.427 | 2.427 |
| 32 | 74524 | 182783 | 521626 | 3.453 | 0.3504 | 0.769 | 0.543 | 0.383 | 0.278 | 0.207 | 0.156 | 0.116 | 2.453 | 2.453 |
| 64 | 143444 | 351541 | 1004157 | 3.451 | 0.3501 | 0.767 | 0.543 | 0.384 | 0.277 | 0.208 | 0.156 | 0.116 | 2.450 | 2.451 |
| 128 | 281067 | 688853 | 1967511 | 3.451 | 0.3501 | 0.768 | 0.542 | 0.383 | 0.278 | 0.208 | 0.156 | 0.116 | 2.451 | 2.451 |
| 256 | 564915 | 1385028 | 3954377 | 3.452 | 0.3503 | 0.766 | 0.542 | 0.384 | 0.278 | 0.208 | 0.157 | 0.116 | 2.452 | 2.452 |
| 512 | 1123191 | 2757684 | 7862715 | 3.455 | 0.3507 | 0.768 | 0.542 | 0.384 | 0.278 | 0.209 | 0.157 | 0.116 | 2.455 | 2.455 |
